  ScimProvisioning.Core -> C:\shared\repo\private\testing\AI\scim-provisioning\ScimProvisioning.Core\bin\Debug\net8.0\ScimProvisioning.Core.dll
  ScimProvisioning.Application -> C:\shared\repo\private\testing\AI\scim-provisioning\ScimProvisioning.Application\bin\Debug\net8.0\ScimProvisioning.Application.dll
  ScimProvisioning.Tests -> C:\shared\repo\private\testing\AI\scim-provisioning\ScimProvisioning.Tests\bin\Debug\net8.0\ScimProvisioning.Tests.dll
  ScimProvisioning.Infrastructure -> C:\shared\repo\private\testing\AI\scim-provisioning\ScimProvisioning.Infrastructure\bin\Debug\net8.0\ScimProvisioning.Infrastructure.dll
  ScimProvisioning.Library -> C:\shared\repo\private\testing\AI\scim-provisioning\ScimProvisioning.Library\bin\Debug\net8.0\ScimProvisioning.Library.dll
  ScimProvisioning.Sample -> C:\shared\repo\private\testing\AI\scim-provisioning\ScimProvisioning.Sample\bin\Debug\net8.0\ScimProvisioning.Sample.dll
  Determining projects to restore...
  All projects are up-to-date for restore.
  ScimProvisioning.Api -> C:\shared\repo\private\testing\AI\scim-provisioning\ScimProvisioning.Api\bin\Debug\net8.0\ScimProvisioning.Api.dll
  WorkerExtensions -> C:\shared\repo\private\testing\AI\scim-provisioning\ScimProvisioning.AzureFunction\obj\Debug\net8.0\WorkerExtensions\buildout\Microsoft.Azure.Functions.Worker.Extensions.dll
  ScimProvisioning.AzureFunction -> C:\shared\repo\private\testing\AI\scim-provisioning\ScimProvisioning.AzureFunction\bin\Debug\net8.0\ScimProvisioning.AzureFunction.dll

Build succeeded.
    0 Warning(s)
    0 Error(s)

Time Elapsed 00:00:02.34
